// Jest Snapshot v1, https://goo.gl/fbAQLP

exports[`matches search bar snapshot 1`] = `
<div
  className="w-[98%] md:w-[90%] mx-auto mt-10"
>
  <div
    className="MuiFormControl-root MuiFormControl-fullWidth css-q8hpuo-MuiFormControl-root"
  >
    <div
      className="MuiOutlinedInput-root MuiInputBase-root MuiInputBase-colorPrimary MuiInputBase-formControl MuiInputBase-adornedStart css-if4cq8-MuiInputBase-root-MuiOutlinedInput-root"
      onClick={[Function]}
    >
      <div
        className="MuiInputAdornment-root MuiInputAdornment-positionStart MuiInputAdornment-outlined MuiInputAdornment-sizeMedium css-ittuaa-MuiInputAdornment-root"
      >
        <span
          className="notranslate"
        >
          ​
        </span>
        <svg
          aria-hidden={true}
          className="MuiSvgIcon-root MuiSvgIcon-fontSizeLarge css-1jj5ps9-MuiSvgIcon-root"
          data-testid="SearchIcon"
          focusable="false"
          viewBox="0 0 24 24"
        >
          <path
            d="M15.5 14h-.79l-.28-.27C15.41 12.59 16 11.11 16 9.5 16 5.91 13.09 3 9.5 3S3 5.91 3 9.5 5.91 16 9.5 16c1.61 0 3.09-.59 4.23-1.57l.27.28v.79l5 4.99L20.49 19l-4.99-5zm-6 0C7.01 14 5 11.99 5 9.5S7.01 5 9.5 5 14 7.01 14 9.5 11.99 14 9.5 14z"
          />
        </svg>
      </div>
      <input
        aria-invalid={false}
        className="MuiOutlinedInput-input MuiInputBase-input MuiInputBase-inputAdornedStart css-1o9s3wi-MuiInputBase-input-MuiOutlinedInput-input"
        disabled={false}
        name="search"
        onAnimationStart={[Function]}
        onBlur={[Function]}
        onChange={[Function]}
        onFocus={[Function]}
        placeholder="Search by rocket name..."
        required={false}
        type="text"
      />
      <fieldset
        aria-hidden={true}
        className="MuiOutlinedInput-notchedOutline css-1d3z3hw-MuiOutlinedInput-notchedOutline"
      >
        <legend
          className="css-hdw1oc"
        >
          <span
            className="notranslate"
          >
            ​
          </span>
        </legend>
      </fieldset>
    </div>
  </div>
</div>
`;
